2025-10-30 11:27:26,316 - INFO - 开始PPO训练!
2025-10-30 11:27:26,317 - INFO - 开始记录原始环境数据为PNG图片...
2025-10-30 11:27:26,541 - INFO - 环境数据将保存到: recordedPongPPO_20251030_112726
2025-10-30 11:27:26,541 - INFO - 记录第 1/3 个episode...
2025-10-30 11:27:27,265 - INFO - Episode 0: 500 步, 总奖励: -2.0
2025-10-30 11:27:27,265 - INFO - 记录第 2/3 个episode...
2025-10-30 11:27:27,974 - INFO - Episode 1: 500 步, 总奖励: -2.0
2025-10-30 11:27:27,975 - INFO - 记录第 3/3 个episode...
2025-10-30 11:27:28,695 - INFO - Episode 2: 500 步, 总奖励: -2.0
2025-10-30 11:27:28,695 - INFO - 环境记录完成！所有帧已保存到: recordedPongPPO_20251030_112726
2025-10-30 11:27:28,719 - INFO - 摘要已保存到: recordedPongPPO_20251030_112726/recordingSummary.json
2025-10-30 11:27:28,893 - INFO - 环境初始化完成: PongNoFrameskip-v4
2025-10-30 11:27:30,422 - INFO - PPO智能体初始化完成: 状态形状=(4, 84, 84), 动作数量=6
2025-10-30 11:27:30,432 - INFO - 开始训练 PongNoFrameskip-v4, 使用PPO算法, 目标时间步数: 10000000
2025-10-30 11:29:57,433 - INFO - 训练被用户中断
2025-10-30 11:29:57,551 - INFO - 程序执行完毕
2025-10-30 11:41:04,130 - INFO - 开始PPO训练!
2025-10-30 11:41:04,130 - INFO - 开始记录原始环境数据为PNG图片...
2025-10-30 11:41:04,356 - INFO - 环境数据将保存到: recordedPongPPO_20251030_114104
2025-10-30 11:41:04,356 - INFO - 记录第 1/3 个episode...
2025-10-30 11:41:05,071 - INFO - Episode 0: 500 步, 总奖励: -2.0
2025-10-30 11:41:05,071 - INFO - 记录第 2/3 个episode...
2025-10-30 11:41:05,787 - INFO - Episode 1: 500 步, 总奖励: -2.0
2025-10-30 11:41:05,787 - INFO - 记录第 3/3 个episode...
2025-10-30 11:41:06,513 - INFO - Episode 2: 500 步, 总奖励: -2.0
2025-10-30 11:41:06,514 - INFO - 环境记录完成！所有帧已保存到: recordedPongPPO_20251030_114104
2025-10-30 11:41:06,538 - INFO - 摘要已保存到: recordedPongPPO_20251030_114104/recordingSummary.json
2025-10-30 11:41:06,714 - INFO - 环境初始化完成: PongNoFrameskip-v4
2025-10-30 11:41:08,113 - INFO - PPO智能体初始化完成: 状态形状=(4, 84, 84), 动作数量=6
2025-10-30 11:41:08,123 - INFO - 开始训练 PongNoFrameskip-v4, 使用PPO算法, 目标时间步数: 10000000
2025-10-30 11:43:39,819 - INFO - 时间步     5120 | 平均奖励:   -3.50 | 移动平均:  -10.97 | 策略损失: -0.0018 | 价值损失:  0.1006 | 熵:  1.7826 | 裁剪比例:  0.0326
2025-10-30 11:46:08,899 - INFO - 时间步    10240 | 平均奖励:  -11.50 | 移动平均:   -9.78 | 策略损失: -0.0014 | 价值损失:  0.0609 | 熵:  1.7560 | 裁剪比例:  0.0544
2025-10-30 11:48:42,195 - INFO - 时间步    15360 | 平均奖励:   -3.00 | 移动平均:  -10.49 | 策略损失: -0.0006 | 价值损失:  0.1158 | 熵:  1.7772 | 裁剪比例:  0.0260
2025-10-30 11:51:14,196 - INFO - PPO模型已保存到: ./PPO_V1_0_models/ppo_resnet_best_PongNoFrameskip-v4.pth
2025-10-30 11:51:14,197 - INFO - 时间步    20480 | 平均奖励:  -16.00 | 移动平均:  -11.44 | 策略损失: -0.0019 | 价值损失:  0.0586 | 熵:  1.7646 | 裁剪比例:  0.0566
2025-10-30 11:51:58,951 - INFO - 训练被用户中断
2025-10-30 11:52:06,813 - INFO - 开始PPO训练!
2025-10-30 11:52:06,813 - INFO - 开始记录原始环境数据为PNG图片...
2025-10-30 11:52:07,059 - INFO - 环境数据将保存到: recordedPongPPO_20251030_115207
2025-10-30 11:52:07,059 - INFO - 记录第 1/3 个episode...
2025-10-30 11:52:07,849 - INFO - Episode 0: 500 步, 总奖励: -2.0
2025-10-30 11:52:07,850 - INFO - 记录第 2/3 个episode...
2025-10-30 11:52:08,599 - INFO - Episode 1: 500 步, 总奖励: 1.0
2025-10-30 11:52:08,599 - INFO - 记录第 3/3 个episode...
2025-10-30 11:52:09,367 - INFO - Episode 2: 500 步, 总奖励: -2.0
2025-10-30 11:52:09,367 - INFO - 环境记录完成！所有帧已保存到: recordedPongPPO_20251030_115207
2025-10-30 11:52:09,393 - INFO - 摘要已保存到: recordedPongPPO_20251030_115207/recording_summary.json
2025-10-30 11:52:09,578 - INFO - 环境初始化完成: PongNoFrameskip-v4
2025-10-30 11:52:10,990 - INFO - PPO智能体初始化完成: 状态形状=(4, 84, 84), 动作数量=6
2025-10-30 11:52:11,000 - INFO - 开始训练 PongNoFrameskip-v4, 使用PPO算法, 目标时间步数: 10000000
2025-10-30 11:54:49,331 - INFO - 时间步     5120 | 平均奖励:   -2.86 | 移动平均:  -12.77 | 策略损失:  0.0008 | 价值损失:  0.1036 | 熵:  1.7818 | 裁剪比例:  0.0430
2025-10-30 11:54:57,458 - INFO - 训练被用户中断
