2025-10-31 16:27:20,585 - INFO - 日志系统初始化完成
2025-10-31 16:27:21,373 - INFO - 开始PPO训练!
2025-10-31 16:27:21,373 - INFO - 使用设备: cuda
2025-10-31 16:27:21,373 - INFO - 开始记录原始环境数据为PNG图片...
2025-10-31 16:27:21,614 - INFO - 环境数据将保存到: recordedPongPPO_20251031_162721
2025-10-31 16:27:21,615 - INFO - 记录第 1/3 个episode...
2025-10-31 16:27:22,369 - INFO - Episode 0: 500 步, 总奖励: -2.0
2025-10-31 16:27:22,369 - INFO - 记录第 2/3 个episode...
2025-10-31 16:27:23,120 - INFO - Episode 1: 500 步, 总奖励: -2.0
2025-10-31 16:27:23,120 - INFO - 记录第 3/3 个episode...
2025-10-31 16:27:23,862 - INFO - Episode 2: 500 步, 总奖励: -2.0
2025-10-31 16:27:23,862 - INFO - 环境记录完成！所有帧已保存到: recordedPongPPO_20251031_162721
2025-10-31 16:27:23,887 - INFO - 摘要已保存到: recordedPongPPO_20251031_162721/recordingSummary.json
2025-10-31 16:27:24,066 - INFO - 环境初始化完成: PongNoFrameskip-v4
2025-10-31 16:27:25,380 - INFO - PPO智能体初始化完成: 状态形状=(4, 84, 84), 动作数量=6
2025-10-31 16:27:25,387 - INFO - 开始训练 PongNoFrameskip-v4, 使用PPO算法, 目标时间步数: 10000000
2025-10-31 16:28:43,142 - INFO - 时间步     5120 | 平均奖励:   -5.00 | 移动平均:  -12.27 | 策略损失: -0.0010 | 价值损失:  0.1163 | 熵:  1.7874 | 裁剪比例:  0.0208
2025-10-31 16:29:15,934 - INFO - 训练被用户中断
2025-10-31 16:29:16,058 - INFO - 程序执行完毕
2025-10-31 16:34:30,282 - INFO - 日志系统初始化完成
2025-10-31 16:34:30,903 - INFO - 开始PPO训练!
2025-10-31 16:34:30,903 - INFO - 使用设备: cuda
2025-10-31 16:34:30,904 - INFO - 开始记录原始环境数据为PNG图片...
2025-10-31 16:34:31,130 - INFO - 环境数据将保存到: recordedPongPPO_20251031_163431
2025-10-31 16:34:31,130 - INFO - 记录第 1/3 个episode...
2025-10-31 16:34:31,844 - INFO - Episode 0: 500 步, 总奖励: -2.0
2025-10-31 16:34:31,844 - INFO - 记录第 2/3 个episode...
2025-10-31 16:34:32,583 - INFO - Episode 1: 500 步, 总奖励: -2.0
2025-10-31 16:34:32,583 - INFO - 记录第 3/3 个episode...
2025-10-31 16:34:33,305 - INFO - Episode 2: 500 步, 总奖励: 0.0
2025-10-31 16:34:33,305 - INFO - 环境记录完成！所有帧已保存到: recordedPongPPO_20251031_163431
2025-10-31 16:34:33,330 - INFO - 摘要已保存到: recordedPongPPO_20251031_163431/recordingSummary.json
2025-10-31 16:34:33,504 - INFO - 环境初始化完成: PongNoFrameskip-v4
2025-10-31 16:34:34,766 - INFO - PPO智能体初始化完成: 状态形状=(4, 84, 84), 动作数量=6
2025-10-31 16:34:34,773 - INFO - 开始训练 PongNoFrameskip-v4, 使用PPO算法, 目标时间步数: 10000000
2025-10-31 17:06:18,411 - INFO - 日志系统初始化完成
2025-10-31 17:06:19,104 - INFO - 开始PPO训练!
2025-10-31 17:06:19,104 - INFO - 使用设备: cuda
2025-10-31 17:06:19,104 - INFO - 开始记录原始环境数据为PNG图片...
2025-10-31 17:06:19,358 - INFO - 环境数据将保存到: recordedPongPPO_20251031_170619
2025-10-31 17:06:19,358 - INFO - 记录第 1/3 个episode...
2025-10-31 17:06:20,152 - INFO - Episode 0: 500 步, 总奖励: -2.0
2025-10-31 17:06:20,152 - INFO - 记录第 2/3 个episode...
2025-10-31 17:06:20,939 - INFO - Episode 1: 500 步, 总奖励: 0.0
2025-10-31 17:06:20,939 - INFO - 记录第 3/3 个episode...
2025-10-31 17:06:21,730 - INFO - Episode 2: 500 步, 总奖励: -2.0
2025-10-31 17:06:21,730 - INFO - 环境记录完成！所有帧已保存到: recordedPongPPO_20251031_170619
2025-10-31 17:06:21,761 - INFO - 摘要已保存到: recordedPongPPO_20251031_170619/recordingSummary.json
2025-10-31 17:06:21,985 - INFO - 环境初始化完成: PongNoFrameskip-v4
2025-10-31 17:06:23,427 - INFO - PPO智能体初始化完成: 状态形状=(4, 84, 84), 动作数量=6
2025-10-31 17:06:23,434 - INFO - 开始训练 PongNoFrameskip-v4, 使用PPO算法, 目标时间步数: 10000000
2025-10-31 17:07:50,695 - INFO - 时间步     5120 | 平均奖励:   -3.67 | 移动平均:   -9.17 | 策略损失: -0.0015 | 价值损失:  0.1083 | 熵:  1.7829 | 裁剪比例:  0.1077
2025-10-31 17:09:16,461 - INFO - 时间步    10240 | 平均奖励:   -5.40 | 移动平均:  -10.72 | 策略损失: -0.0021 | 价值损失:  0.0773 | 熵:  1.7721 | 裁剪比例:  0.0576
2025-10-31 17:10:41,603 - INFO - 时间步    15360 | 平均奖励:  -12.00 | 移动平均:   -8.91 | 策略损失: -0.0020 | 价值损失:  0.0560 | 熵:  1.7519 | 裁剪比例:  0.0902
2025-10-31 17:12:05,644 - INFO - PPO模型已保存到: ./PPO_models/ppoResNetBest_PongNoFrameskip-v4.pth
2025-10-31 17:12:05,645 - INFO - 时间步    20480 | 平均奖励:   -2.50 | 移动平均:   -7.90 | 策略损失: -0.0013 | 价值损失:  0.1006 | 熵:  1.7514 | 裁剪比例:  0.1022
2025-10-31 17:12:22,751 - INFO - PPO模型已保存到: ./PPO_models/ppoResNetBest_PongNoFrameskip-v4.pth
2025-10-31 17:12:39,910 - INFO - PPO模型已保存到: ./PPO_models/ppoResNetBest_PongNoFrameskip-v4.pth
2025-10-31 17:13:30,260 - INFO - 时间步    25600 | 平均奖励:  -25.00 | 移动平均:   -8.80 | 策略损失: -0.0032 | 价值损失:  0.0769 | 熵:  1.7579 | 裁剪比例:  0.1419
2025-10-31 17:14:54,944 - INFO - 时间步    30720 | 平均奖励:   -8.00 | 移动平均:   -9.22 | 策略损失: -0.0074 | 价值损失:  0.0765 | 熵:  1.7588 | 裁剪比例:  0.1680
2025-10-31 17:16:14,077 - INFO - 时间步    35840 | 平均奖励:  -23.00 | 移动平均:   -9.91 | 策略损失: -0.0050 | 价值损失:  0.0567 | 熵:  1.7483 | 裁剪比例:  0.2529
2025-10-31 17:17:31,436 - INFO - 时间步    40960 | 平均奖励:   -4.60 | 移动平均:  -10.83 | 策略损失: -0.0091 | 价值损失:  0.1273 | 熵:  1.7688 | 裁剪比例:  0.1618
2025-10-31 17:18:49,119 - INFO - 时间步    46080 | 平均奖励:   -6.67 | 移动平均:  -10.82 | 策略损失: -0.0033 | 价值损失:  0.1347 | 熵:  1.7737 | 裁剪比例:  0.1624
2025-10-31 17:20:05,570 - INFO - 时间步    51200 | 平均奖励:  -26.00 | 移动平均:  -10.89 | 策略损失: -0.0049 | 价值损失:  0.0554 | 熵:  1.7832 | 裁剪比例:  0.1318
2025-10-31 17:20:05,775 - INFO - PPO模型已保存到: ./PPO_models/ppoResNetCheckpoint_PongNoFrameskip-v4_step_51200.pth
2025-10-31 17:21:23,976 - INFO - 时间步    56320 | 平均奖励:   -3.33 | 移动平均:  -10.73 | 策略损失: -0.0061 | 价值损失:  0.1111 | 熵:  1.7869 | 裁剪比例:  0.0967
2025-10-31 17:22:42,540 - INFO - 时间步    61440 | 平均奖励:  -23.00 | 移动平均:  -10.50 | 策略损失: -0.0057 | 价值损失:  0.0744 | 熵:  1.7878 | 裁剪比例:  0.0967
2025-10-31 17:23:20,250 - INFO - 训练被用户中断
2025-11-01 10:29:24,086 - INFO - 日志系统初始化完成
2025-11-01 10:30:09,368 - INFO - 日志系统初始化完成
2025-11-01 10:30:26,681 - INFO - 日志系统初始化完成
2025-11-01 10:34:13,024 - INFO - 日志系统初始化完成
2025-11-01 10:35:09,555 - INFO - 日志系统初始化完成
2025-11-01 10:52:28,622 - INFO - 日志系统初始化完成
2025-11-01 10:56:10,326 - INFO - 日志系统初始化完成
