2025-10-29 18:19:58,201 - INFO - 使用GPU加速的经验回放缓冲区 - 注意监控GPU显存使用!
2025-10-29 18:19:58,201 - INFO - 开始记录原始环境数据为PNG图片...
2025-10-29 18:19:58,432 - INFO - 环境数据将保存到: recordedPongEpisodes_20251029_181958
2025-10-29 18:19:58,432 - INFO - 记录第 1/3 个episode...
2025-10-29 18:19:59,169 - INFO - Episode 0: 500 步, 总奖励: -2.0
2025-10-29 18:19:59,169 - INFO - 记录第 2/3 个episode...
2025-10-29 18:19:59,920 - INFO - Episode 1: 500 步, 总奖励: -2.0
2025-10-29 18:19:59,920 - INFO - 记录第 3/3 个episode...
2025-10-29 18:20:00,640 - INFO - Episode 2: 500 步, 总奖励: -2.0
2025-10-29 18:20:00,640 - INFO - 环境记录完成！所有帧已保存到: recordedPongEpisodes_20251029_181958
2025-10-29 18:20:00,665 - INFO - 摘要已保存到: recordedPongEpisodes_20251029_181958/recordingSummary.json
2025-10-29 18:20:00,846 - INFO - 环境初始化完成: PongNoFrameskip-v4
2025-10-29 18:20:01,377 - INFO - 使用完整的ResNet架构
2025-10-29 18:20:02,286 - INFO - GPU加速DQN智能体初始化完成: 状态形状=(4, 84, 84), 动作数量=6
2025-10-29 18:20:02,286 - INFO - 开始训练 PongNoFrameskip-v4, 使用GPU加速ResNet架构, 目标回合数: 1000
2025-10-29 18:20:05,829 - INFO - 回合    0 | 奖励:  -20.00 | 步数:  899 | 移动平均:  -20.00 | 平均损失:  0.0000 | Epsilon: 0.992 | 经验回放:   3.0% | GPU内存: 0.19GB
2025-10-29 18:20:23,208 - INFO - 回合    5 | 奖励:  -18.00 | 步数: 1122 | 移动平均:  -19.83 | 平均损失:  0.0000 | Epsilon: 0.947 | 经验回放:  20.2% | GPU内存: 0.73GB
2025-10-29 18:20:39,608 - INFO - 回合   10 | 奖励:  -21.00 | 步数: 1064 | 移动平均:  -20.00 | 平均损失:  0.0000 | Epsilon: 0.908 | 经验回放:  36.1% | GPU内存: 1.24GB
2025-10-29 18:20:55,327 - INFO - 回合   15 | 奖励:  -19.00 | 步数:  998 | 移动平均:  -20.12 | 平均损失:  0.0000 | Epsilon: 0.873 | 经验回放:  50.9% | GPU内存: 1.70GB
2025-10-29 18:21:09,810 - INFO - 模型已保存到: ./DQN_V1_0_models/gpu_resnet_dqn_best_PongNoFrameskip-v4.pth
2025-10-29 18:21:13,183 - INFO - 回合   20 | 奖励:  -21.00 | 步数:  858 | 移动平均:  -20.33 | 平均损失:  0.0000 | Epsilon: 0.838 | 经验回放:  66.3% | GPU内存: 2.19GB
2025-10-29 18:21:32,830 - INFO - 回合   25 | 奖励:  -21.00 | 步数:  942 | 移动平均:  -20.38 | 平均损失:  0.0000 | Epsilon: 0.804 | 经验回放:  81.7% | GPU内存: 2.68GB
2025-10-29 18:21:50,197 - INFO - 回合   30 | 奖励:  -21.00 | 步数:  884 | 移动平均:  -20.48 | 平均损失:  0.0000 | Epsilon: 0.774 | 经验回放:  96.4% | GPU内存: 3.15GB
2025-10-29 18:30:10,078 - INFO - 回合   35 | 奖励:  -21.00 | 步数:  764 | 移动平均:  -20.53 | 平均损失:  0.0033 | Epsilon: 0.746 | 经验回放: 100.0% | GPU内存: 3.40GB
